---
source: compiler/zrc_codegen/src/stmt.rs
description: "should contain an conditional break over the result of a function call in the entry block.\nthis will either break to %then which calls nop, or it breaks to an empty bb."
expression: module.print_to_string().to_str().unwrap()
info: if (get_bool()) nop();
---
; ModuleID = 'test'
source_filename = "test"

define void @test() {
entry:
  %call = call i1 @get_bool()
  br i1 %call, label %then, label %then_else

then:                                             ; preds = %entry
  call void @nop()
  br label %end

then_else:                                        ; preds = %entry
  br label %end

end:                                              ; preds = %then_else, %then
}

declare void @nop()

declare i1 @get_bool()

