---
source: compiler/zrc_codegen/src/stmt.rs
description: "should contain an unconditional break in the entry block.\nthis unconditional break will either break to %then which calls do_stuff, or it breaks to an empty bb.\nthe diamond-shaped cfg should terminate at an empty basic block named 'end' -- code generation will continue from here."
expression: module.print_to_string().to_str().unwrap()
info: if (true) do_stuff();
---
; ModuleID = 'test'
source_filename = "test"

define void @test() {
entry:
  br i1 true, label %then, label %then_else

then:                                             ; preds = %entry
  call void @do_stuff()
  br label %end

then_else:                                        ; preds = %entry
  br label %end

end:                                              ; preds = %then_else, %then
}

declare void @do_stuff()

