---
source: compiler/zrc_codegen/src/stmt.rs
description: "fn get_int() -> i32;\n\nfn test() {\n    // TEST: the proper while loop structure is created\n    for (let i = 0; i < get_int(); i += 1) {\n        // TEST: break jumps to the `end` block\n        if (i > get_int()) break;\n        else {\n            // TEST: continue jumps to the latch block\n            if (i < get_int()) continue;\n            else {}\n        }\n\n        // TEST: the loop jumps to the latch block which jumps back to the\n        // header\n    }\n}\n"
expression: resulting_ir
---
; ModuleID = 'test.zr'
source_filename = "test.zr"

declare i32 @get_int()

define {} @test() !dbg !3 {
entry:
  %let_i = alloca i32, align 4
  call void @llvm.dbg.declare(metadata ptr %let_i, metadata !9, metadata !DIExpression()), !dbg !13
  store i32 0, ptr %let_i, align 4, !dbg !13
  br label %header, !dbg !13

header:                                           ; preds = %latch, %entry
  %load = load i32, ptr %let_i, align 4, !dbg !14
  %call = call i32 @get_int(), !dbg !15
  %cmp = icmp ult i32 %load, %call, !dbg !15
  br i1 %cmp, label %body, label %exit, !dbg !15

body:                                             ; preds = %header
  %load1 = load i32, ptr %let_i, align 4, !dbg !16
  %call2 = call i32 @get_int(), !dbg !18
  %cmp3 = icmp ugt i32 %load1, %call2, !dbg !18
  br i1 %cmp3, label %then, label %then_else, !dbg !18

latch:                                            ; preds = %end9, %then7
  %load10 = load i32, ptr %let_i, align 4, !dbg !19
  %add = add i32 %load10, 1, !dbg !20
  store i32 %add, ptr %let_i, align 4, !dbg !19
  br label %header, !dbg !19

exit:                                             ; preds = %then, %header
  ret {} zeroinitializer, !dbg !21

then:                                             ; preds = %body
  br label %exit, !dbg !22

then_else:                                        ; preds = %body
  %load4 = load i32, ptr %let_i, align 4, !dbg !24
  %call5 = call i32 @get_int(), !dbg !26
  %cmp6 = icmp ult i32 %load4, %call5, !dbg !26
  br i1 %cmp6, label %then7, label %then_else8, !dbg !26

then7:                                            ; preds = %then_else
  br label %latch, !dbg !27

then_else8:                                       ; preds = %then_else
  br label %end, !dbg !29

end:                                              ; preds = %then_else8
  br label %end9, !dbg !30

end9:                                             ; preds = %end
  br label %latch, !dbg !30
}

; Function Attrs: nocallback nofree nosync nounwind speculatable willreturn memory(none)
declare void @llvm.dbg.declare(metadata, metadata, metadata) #0

attributes #0 = { nocallback nofree nosync nounwind speculatable willreturn memory(none) }

!llvm.module.flags = !{!0}
!llvm.dbg.cu = !{!1}

!0 = !{i32 2, !"Debug Info Version", i32 3}
!1 = distinct !DICompileUnit(language: DW_LANG_C, file: !2, producer: "zrc test runner", isOptimized: false, flags: "zrc --fake-args", runtimeVersion: 0, emissionKind: FullDebug, splitDebugInlining: false)
!2 = !DIFile(filename: "test.zr", directory: "/fake/path")
!3 = distinct !DISubprogram(name: "test", linkageName: "test", scope: null, file: !2, line: 3, type: !4, scopeLine: 3, spFlags: DISPFlagDefinition, unit: !1, retainedNodes: !8)
!4 = !DISubroutineType(types: !5)
!5 = !{!6}
!6 = !DICompositeType(tag: DW_TAG_structure_type, name: "(struct {})", scope: !2, file: !2, elements: !7)
!7 = !{}
!8 = !{!9}
!9 = !DILocalVariable(name: "i", scope: !10, file: !2, line: 5, type: !12)
!10 = distinct !DILexicalBlock(scope: !11, file: !2, line: 3, column: 11)
!11 = distinct !DILexicalBlock(scope: !3, file: !2, line: 3, column: 11)
!12 = !DIBasicType(name: "i32")
!13 = !DILocation(line: 5, column: 14, scope: !10)
!14 = !DILocation(line: 5, column: 21, scope: !10)
!15 = !DILocation(line: 5, column: 25, scope: !10)
!16 = !DILocation(line: 7, column: 13, scope: !17)
!17 = distinct !DILexicalBlock(scope: !10, file: !2, line: 5, column: 44)
!18 = !DILocation(line: 7, column: 17, scope: !17)
!19 = !DILocation(line: 5, column: 36, scope: !10)
!20 = !DILocation(line: 5, column: 41, scope: !10)
!21 = !DILocation(line: 17, column: 1, scope: !10)
!22 = !DILocation(line: 7, column: 28, scope: !23)
!23 = distinct !DILexicalBlock(scope: !17, file: !2, line: 7, column: 28)
!24 = !DILocation(line: 10, column: 17, scope: !25)
!25 = distinct !DILexicalBlock(scope: !17, file: !2, line: 8, column: 14)
!26 = !DILocation(line: 10, column: 21, scope: !25)
!27 = !DILocation(line: 10, column: 32, scope: !28)
!28 = distinct !DILexicalBlock(scope: !25, file: !2, line: 10, column: 32)
!29 = !DILocation(line: 10, column: 41, scope: !25)
!30 = !DILocation(line: 7, column: 34, scope: !17)
