---
source: compiler/zrc_codegen/src/stmt.rs
description: "ensure the snapped value is an empty basic block that the other bbs all unconditionally break to (where cg continues)\n\nIR:\n; ModuleID = 'test'\nsource_filename = \"test\"\n\ndefine void @test() {\nentry:\n  br i1 true, label %then, label %then_else\n\nthen:                                             ; preds = %entry\n  call void @nop()\n  br label %end\n\nthen_else:                                        ; preds = %entry\n  br label %end\n\nend:                                              ; preds = %then_else, %then\n}\n\ndeclare void @nop()\n"
expression: bb.get_name().to_str().unwrap()
---
end
