---
source: compiler/zrc_codegen/src/stmt.rs
description: "enum VarInt {\n    I32: i32,\n    I64: i64,\n}\n\nfn f() -> VarInt;\nfn fi32(x: i32);\nfn fi64(x: i64);\n\nfn main() {\n    let vi = f();\n\n    match (vi) {\n        I32: x => fi32(x);\n        I64: y => fi64(y);\n    }\n}\n"
expression: resulting_ir
---
; ModuleID = 'test.zr'
source_filename = "test.zr"

declare { i64, i64 } @f()

declare {} @fi32(i32)

declare {} @fi64(i64)

define {} @main() !dbg !3 {
entry:
  %let_y = alloca i64, align 8
  %let_x = alloca i32, align 4
  %let_vi = alloca { i64, i64 }, align 8
  %call = call { i64, i64 } @f(), !dbg !8
  store { i64, i64 } %call, ptr %let_vi, align 4, !dbg !11
  %gep = getelementptr inbounds nuw { i64, i64 }, ptr %let_vi, i32 0, i32 0, !dbg !12
  %load = load i64, ptr %gep, align 4, !dbg !12
  switch i64 %load, label %default [
    i64 0, label %case
    i64 1, label %case1
  ], !dbg !14

default:                                          ; preds = %entry
  unreachable, !dbg !15

post:                                             ; preds = %case1, %case
  ret {} zeroinitializer, !dbg !17

case:                                             ; preds = %entry
  %gep2 = getelementptr inbounds nuw { i64, i64 }, ptr %let_vi, i32 0, i32 1, !dbg !18
  %load3 = load i32, ptr %gep2, align 4, !dbg !18
  store i32 %load3, ptr %let_x, align 4, !dbg !20
  %load4 = load i32, ptr %let_x, align 4, !dbg !21
  %call5 = call {} @fi32(i32 %load4), !dbg !21
  br label %post, !dbg !21

case1:                                            ; preds = %entry
  %gep6 = getelementptr inbounds nuw { i64, i64 }, ptr %let_vi, i32 0, i32 1, !dbg !22
  %load7 = load i64, ptr %gep6, align 4, !dbg !22
  store i64 %load7, ptr %let_y, align 4, !dbg !24
  %load8 = load i64, ptr %let_y, align 4, !dbg !25
  %call9 = call {} @fi64(i64 %load8), !dbg !25
  br label %post, !dbg !25
}

!llvm.module.flags = !{!0}
!llvm.dbg.cu = !{!1}

!0 = !{i32 2, !"Debug Info Version", i32 3}
!1 = distinct !DICompileUnit(language: DW_LANG_C, file: !2, producer: "zrc test runner", isOptimized: false, flags: "zrc --fake-args", runtimeVersion: 0, emissionKind: FullDebug, splitDebugInlining: false)
!2 = !DIFile(filename: "test.zr", directory: "/fake/path")
!3 = distinct !DISubprogram(name: "main", linkageName: "main", scope: null, file: !2, line: 10, type: !4, scopeLine: 10, spFlags: DISPFlagDefinition, unit: !1)
!4 = !DISubroutineType(types: !5)
!5 = !{!6}
!6 = !DICompositeType(tag: DW_TAG_structure_type, name: "struct {}", scope: !2, file: !2, elements: !7)
!7 = !{}
!8 = !DILocation(line: 11, column: 14, scope: !9)
!9 = distinct !DILexicalBlock(scope: !10, file: !2, line: 10, column: 11)
!10 = distinct !DILexicalBlock(scope: !3, file: !2, line: 10, column: 11)
!11 = !DILocation(line: 11, column: 9, scope: !9)
!12 = !DILocation(line: 13, column: 12, scope: !13)
!13 = distinct !DILexicalBlock(scope: !9, file: !2, line: 13, column: 5)
!14 = !DILocation(line: 15, column: 9, scope: !13)
!15 = !DILocation(line: 13, column: 5, scope: !16)
!16 = distinct !DILexicalBlock(scope: !13, file: !2, line: 13, column: 5)
!17 = !DILocation(line: 16, column: 5, scope: !13)
!18 = !DILocation(line: 13, column: 12, scope: !19)
!19 = distinct !DILexicalBlock(scope: !13, file: !2, line: 13, column: 5)
!20 = !DILocation(line: 14, column: 9, scope: !19)
!21 = !DILocation(line: 14, column: 24, scope: !19)
!22 = !DILocation(line: 13, column: 12, scope: !23)
!23 = distinct !DILexicalBlock(scope: !13, file: !2, line: 13, column: 5)
!24 = !DILocation(line: 15, column: 9, scope: !23)
!25 = !DILocation(line: 15, column: 24, scope: !23)
