---
source: compiler/zrc_codegen/src/stmt/loops.rs
description: "fn test_for(buffer: *u8, len: usize) -> usize {\n    let count: usize = 0;\n    // TEST: chained AND in for condition should generate valid PHI nodes\n    // where the loop body and latch branch back to the correct header block\n    for (let i: usize = 0; i < len && buffer[i] != 0; i += 1) {\n        count += 1;\n    }\n    return count;\n}\n"
expression: resulting_ir
---
; ModuleID = 'test.zr'
source_filename = "test.zr"

define i64 @test_for(ptr %0, i64 %1) !dbg !3 {
entry:
  %let_i = alloca i64, align 8, !dbg !8
  %let_count = alloca i64, align 8, !dbg !8
  %arg_len = alloca i64, align 8, !dbg !8
  %arg_buffer = alloca ptr, align 8, !dbg !8
  store ptr %0, ptr %arg_buffer, align 8, !dbg !8
  store i64 %1, ptr %arg_len, align 4, !dbg !8
  store i64 0, ptr %let_count, align 4, !dbg !10
  store i64 0, ptr %let_i, align 4, !dbg !12
  br label %header, !dbg !12

header:                                           ; preds = %latch, %entry
  %load = load i64, ptr %let_i, align 4, !dbg !13
  %load1 = load i64, ptr %arg_len, align 4, !dbg !14
  %cmp = icmp ult i64 %load, %load1, !dbg !14
  br i1 %cmp, label %land_rhs, label %land_end, !dbg !14

body:                                             ; preds = %land_end
  %load6 = load i64, ptr %let_count, align 4, !dbg !15
  %add = add i64 %load6, 1, !dbg !17
  store i64 %add, ptr %let_count, align 4, !dbg !15
  br label %latch, !dbg !15

latch:                                            ; preds = %body
  %load7 = load i64, ptr %let_i, align 4, !dbg !18
  %add8 = add i64 %load7, 1, !dbg !19
  store i64 %add8, ptr %let_i, align 4, !dbg !18
  br label %header, !dbg !18

exit:                                             ; preds = %land_end
  %load9 = load i64, ptr %let_count, align 4, !dbg !20
  ret i64 %load9, !dbg !20

land_rhs:                                         ; preds = %header
  %load2 = load ptr, ptr %arg_buffer, align 8, !dbg !21
  %load3 = load i64, ptr %let_i, align 4, !dbg !22
  %gep = getelementptr i8, ptr %load2, i64 %load3, !dbg !22
  %load4 = load i8, ptr %gep, align 1, !dbg !22
  %cmp5 = icmp ne i8 %load4, 0, !dbg !23
  br label %land_end, !dbg !23

land_end:                                         ; preds = %land_rhs, %header
  %land_result = phi i1 [ false, %header ], [ %cmp5, %land_rhs ], !dbg !23
  br i1 %land_result, label %body, label %exit, !dbg !23
}

!llvm.module.flags = !{!0}
!llvm.dbg.cu = !{!1}

!0 = !{i32 2, !"Debug Info Version", i32 3}
!1 = distinct !DICompileUnit(language: DW_LANG_C, file: !2, producer: "zrc test runner", isOptimized: false, flags: "zrc --fake-args", runtimeVersion: 0, emissionKind: FullDebug, splitDebugInlining: false)
!2 = !DIFile(filename: "test.zr", directory: "/fake/path")
!3 = distinct !DISubprogram(name: "test_for", linkageName: "test_for", scope: null, file: !2, line: 1, type: !4, scopeLine: 1, spFlags: DISPFlagDefinition, unit: !1)
!4 = !DISubroutineType(types: !5)
!5 = !{!6, !7, !6}
!6 = !DIBasicType(name: "usize")
!7 = !DIBasicType(name: "u8")
!8 = !DILocation(line: 1, column: 47, scope: !9)
!9 = distinct !DILexicalBlock(scope: !3, file: !2, line: 1, column: 47)
!10 = !DILocation(line: 2, column: 9, scope: !11)
!11 = distinct !DILexicalBlock(scope: !9, file: !2, line: 1, column: 47)
!12 = !DILocation(line: 5, column: 14, scope: !11)
!13 = !DILocation(line: 5, column: 28, scope: !11)
!14 = !DILocation(line: 5, column: 32, scope: !11)
!15 = !DILocation(line: 6, column: 9, scope: !16)
!16 = distinct !DILexicalBlock(scope: !11, file: !2, line: 5, column: 63)
!17 = !DILocation(line: 6, column: 18, scope: !16)
!18 = !DILocation(line: 5, column: 55, scope: !11)
!19 = !DILocation(line: 5, column: 60, scope: !11)
!20 = !DILocation(line: 8, column: 12, scope: !11)
!21 = !DILocation(line: 5, column: 39, scope: !11)
!22 = !DILocation(line: 5, column: 46, scope: !11)
!23 = !DILocation(line: 5, column: 52, scope: !11)
